<?xml version="1.0" encoding="ISO-8859-1" ?>
<link_info>
   <banner>TI ARM Linker PC v20.2.7.LTS</banner>
   <copyright>Copyright (c) 1996-2018 Texas Instruments Incorporated</copyright>
   <link_time>0x69581f93</link_time>
   <link_errors>0x0</link_errors>
   <output_file>UART_Boot.out</output_file>
   <entry_point>
      <name>_c_int00</name>
      <address>0x71cc</address>
   </entry_point>
   <input_file_list>
      <input_file id="fl-2">
         <path>.\</path>
         <kind>object</kind>
         <file>Fapi_UserDefinedFunctions.obj</file>
         <name>Fapi_UserDefinedFunctions.obj</name>
      </input_file>
      <input_file id="fl-3">
         <path>.\</path>
         <kind>object</kind>
         <file>bl_check.obj</file>
         <name>bl_check.obj</name>
      </input_file>
      <input_file id="fl-4">
         <path>.\</path>
         <kind>object</kind>
         <file>bl_flash.obj</file>
         <name>bl_flash.obj</name>
      </input_file>
      <input_file id="fl-5">
         <path>.\</path>
         <kind>object</kind>
         <file>bl_main.obj</file>
         <name>bl_main.obj</name>
      </input_file>
      <input_file id="fl-6">
         <path>.\</path>
         <kind>object</kind>
         <file>bl_uart.obj</file>
         <name>bl_uart.obj</name>
      </input_file>
      <input_file id="fl-7">
         <path>.\</path>
         <kind>object</kind>
         <file>bl_ymodem.obj</file>
         <name>bl_ymodem.obj</name>
      </input_file>
      <input_file id="fl-8">
         <path>.\</path>
         <kind>object</kind>
         <file>sci_common.obj</file>
         <name>sci_common.obj</name>
      </input_file>
      <input_file id="fl-9">
         <path>.\</path>
         <kind>object</kind>
         <file>sw_hw_ver.obj</file>
         <name>sw_hw_ver.obj</name>
      </input_file>
      <input_file id="fl-a">
         <path>.\</path>
         <kind>object</kind>
         <file>ymodem_crc16.obj</file>
         <name>ymodem_crc16.obj</name>
      </input_file>
      <input_file id="fl-b">
         <path>.\source\</path>
         <kind>object</kind>
         <file>HL_epc.obj</file>
         <name>HL_epc.obj</name>
      </input_file>
      <input_file id="fl-c">
         <path>.\source\</path>
         <kind>object</kind>
         <file>HL_errata.obj</file>
         <name>HL_errata.obj</name>
      </input_file>
      <input_file id="fl-d">
         <path>.\source\</path>
         <kind>object</kind>
         <file>HL_esm.obj</file>
         <name>HL_esm.obj</name>
      </input_file>
      <input_file id="fl-e">
         <path>.\source\</path>
         <kind>object</kind>
         <file>HL_gio.obj</file>
         <name>HL_gio.obj</name>
      </input_file>
      <input_file id="fl-f">
         <path>.\source\</path>
         <kind>object</kind>
         <file>HL_het.obj</file>
         <name>HL_het.obj</name>
      </input_file>
      <input_file id="fl-10">
         <path>.\source\</path>
         <kind>object</kind>
         <file>HL_nmpu.obj</file>
         <name>HL_nmpu.obj</name>
      </input_file>
      <input_file id="fl-11">
         <path>.\source\</path>
         <kind>object</kind>
         <file>HL_notification.obj</file>
         <name>HL_notification.obj</name>
      </input_file>
      <input_file id="fl-12">
         <path>.\source\</path>
         <kind>object</kind>
         <file>HL_pinmux.obj</file>
         <name>HL_pinmux.obj</name>
      </input_file>
      <input_file id="fl-13">
         <path>.\source\</path>
         <kind>object</kind>
         <file>HL_rti.obj</file>
         <name>HL_rti.obj</name>
      </input_file>
      <input_file id="fl-14">
         <path>.\source\</path>
         <kind>object</kind>
         <file>HL_sci.obj</file>
         <name>HL_sci.obj</name>
      </input_file>
      <input_file id="fl-15">
         <path>.\source\</path>
         <kind>object</kind>
         <file>HL_sys_core.obj</file>
         <name>HL_sys_core.obj</name>
      </input_file>
      <input_file id="fl-16">
         <path>.\source\</path>
         <kind>object</kind>
         <file>HL_sys_dma.obj</file>
         <name>HL_sys_dma.obj</name>
      </input_file>
      <input_file id="fl-17">
         <path>.\source\</path>
         <kind>object</kind>
         <file>HL_sys_intvecs.obj</file>
         <name>HL_sys_intvecs.obj</name>
      </input_file>
      <input_file id="fl-18">
         <path>.\source\</path>
         <kind>object</kind>
         <file>HL_sys_mpu.obj</file>
         <name>HL_sys_mpu.obj</name>
      </input_file>
      <input_file id="fl-19">
         <path>.\source\</path>
         <kind>object</kind>
         <file>HL_sys_pcr.obj</file>
         <name>HL_sys_pcr.obj</name>
      </input_file>
      <input_file id="fl-1a">
         <path>.\source\</path>
         <kind>object</kind>
         <file>HL_sys_phantom.obj</file>
         <name>HL_sys_phantom.obj</name>
      </input_file>
      <input_file id="fl-1b">
         <path>.\source\</path>
         <kind>object</kind>
         <file>HL_sys_pmm.obj</file>
         <name>HL_sys_pmm.obj</name>
      </input_file>
      <input_file id="fl-1c">
         <path>.\source\</path>
         <kind>object</kind>
         <file>HL_sys_pmu.obj</file>
         <name>HL_sys_pmu.obj</name>
      </input_file>
      <input_file id="fl-1d">
         <path>.\source\</path>
         <kind>object</kind>
         <file>HL_sys_startup.obj</file>
         <name>HL_sys_startup.obj</name>
      </input_file>
      <input_file id="fl-1e">
         <path>.\source\</path>
         <kind>object</kind>
         <file>HL_sys_vim.obj</file>
         <name>HL_sys_vim.obj</name>
      </input_file>
      <input_file id="fl-1f">
         <path>.\source\</path>
         <kind>object</kind>
         <file>HL_system.obj</file>
         <name>HL_system.obj</name>
      </input_file>
      <input_file id="fl-24">
         <kind>object</kind>
         <file>&lt;internal&gt;</file>
         <name>&lt;internal&gt;</name>
      </input_file>
      <input_file id="fl-25">
         <path>..\lib\</path>
         <kind>archive</kind>
         <file>F021_API_CortexR4_BE_L2FMC_V3D16.lib</file>
         <name>Async.WithAddress.obj</name>
      </input_file>
      <input_file id="fl-26">
         <path>..\lib\</path>
         <kind>archive</kind>
         <file>F021_API_CortexR4_BE_L2FMC_V3D16.lib</file>
         <name>FlashStateMachine.AutoEccGeneration.obj</name>
      </input_file>
      <input_file id="fl-27">
         <path>..\lib\</path>
         <kind>archive</kind>
         <file>F021_API_CortexR4_BE_L2FMC_V3D16.lib</file>
         <name>FlashStateMachine.EnableMainSectors.obj</name>
      </input_file>
      <input_file id="fl-28">
         <path>..\lib\</path>
         <kind>archive</kind>
         <file>F021_API_CortexR4_BE_L2FMC_V3D16.lib</file>
         <name>FlashStateMachine.InitializeFlashBanks.obj</name>
      </input_file>
      <input_file id="fl-29">
         <path>..\lib\</path>
         <kind>archive</kind>
         <file>F021_API_CortexR4_BE_L2FMC_V3D16.lib</file>
         <name>FlashStateMachine.IssueFsmCommand.obj</name>
      </input_file>
      <input_file id="fl-2a">
         <path>..\lib\</path>
         <kind>archive</kind>
         <file>F021_API_CortexR4_BE_L2FMC_V3D16.lib</file>
         <name>FlashStateMachine.ScaleFclk.obj</name>
      </input_file>
      <input_file id="fl-2b">
         <path>..\lib\</path>
         <kind>archive</kind>
         <file>F021_API_CortexR4_BE_L2FMC_V3D16.lib</file>
         <name>FlashStateMachine.SetActiveBank.obj</name>
      </input_file>
      <input_file id="fl-2c">
         <path>..\lib\</path>
         <kind>archive</kind>
         <file>F021_API_CortexR4_BE_L2FMC_V3D16.lib</file>
         <name>Program.obj</name>
      </input_file>
      <input_file id="fl-2d">
         <path>..\lib\</path>
         <kind>archive</kind>
         <file>F021_API_CortexR4_BE_L2FMC_V3D16.lib</file>
         <name>Read.MarginByByte.obj</name>
      </input_file>
      <input_file id="fl-2e">
         <path>..\lib\</path>
         <kind>archive</kind>
         <file>F021_API_CortexR4_BE_L2FMC_V3D16.lib</file>
         <name>Read.WdService.obj</name>
      </input_file>
      <input_file id="fl-2f">
         <path>..\lib\</path>
         <kind>archive</kind>
         <file>F021_API_CortexR4_BE_L2FMC_V3D16.lib</file>
         <name>Utilities.CalculateFletcher.obj</name>
      </input_file>
      <input_file id="fl-30">
         <path>..\lib\</path>
         <kind>archive</kind>
         <file>F021_API_CortexR4_BE_L2FMC_V3D16.lib</file>
         <name>Utilities.GetNumberOfSectors.obj</name>
      </input_file>
      <input_file id="fl-31">
         <path>..\lib\</path>
         <kind>archive</kind>
         <file>F021_API_CortexR4_BE_L2FMC_V3D16.lib</file>
         <name>Read.Common.obj</name>
      </input_file>
      <input_file id="fl-32">
         <path>..\lib\</path>
         <kind>archive</kind>
         <file>F021_API_CortexR4_BE_L2FMC_V3D16.lib</file>
         <name>Read.FlushPipeline.obj</name>
      </input_file>
      <input_file id="fl-33">
         <path>..\lib\</path>
         <kind>archive</kind>
         <file>F021_API_CortexR4_BE_L2FMC_V3D16.lib</file>
         <name>Utilities.WaitDelay.obj</name>
      </input_file>
      <input_file id="fl-34">
         <path>..\lib\</path>
         <kind>archive</kind>
         <file>F021_API_CortexR4_BE_L2FMC_V3D16.lib</file>
         <name>FlashStateMachine.Hercules.IsEccAddress.obj</name>
      </input_file>
      <input_file id="fl-ea">
         <path>C:\ti\ccs1281\ccs\tools\compiler\ti-cgt-arm_20.2.7.LTS\lib\</path>
         <kind>archive</kind>
         <file>rtsv7R4_A_be_v3D16_eabi.lib</file>
         <name>s_floor.c.obj</name>
      </input_file>
      <input_file id="fl-eb">
         <path>C:\ti\ccs1281\ccs\tools\compiler\ti-cgt-arm_20.2.7.LTS\lib\</path>
         <kind>archive</kind>
         <file>rtsv7R4_A_be_v3D16_eabi.lib</file>
         <name>memcpy32.asm.obj</name>
      </input_file>
      <input_file id="fl-ec">
         <path>C:\ti\ccs1281\ccs\tools\compiler\ti-cgt-arm_20.2.7.LTS\lib\</path>
         <kind>archive</kind>
         <file>rtsv7R4_A_be_v3D16_eabi.lib</file>
         <name>memset32.asm.obj</name>
      </input_file>
      <input_file id="fl-ed">
         <path>C:\ti\ccs1281\ccs\tools\compiler\ti-cgt-arm_20.2.7.LTS\lib\</path>
         <kind>archive</kind>
         <file>rtsv7R4_A_be_v3D16_eabi.lib</file>
         <name>u_div32.asm.obj</name>
      </input_file>
      <input_file id="fl-ee">
         <path>C:\ti\ccs1281\ccs\tools\compiler\ti-cgt-arm_20.2.7.LTS\lib\</path>
         <kind>archive</kind>
         <file>rtsv7R4_A_be_v3D16_eabi.lib</file>
         <name>autoinit.c.obj</name>
      </input_file>
      <input_file id="fl-ef">
         <path>C:\ti\ccs1281\ccs\tools\compiler\ti-cgt-arm_20.2.7.LTS\lib\</path>
         <kind>archive</kind>
         <file>rtsv7R4_A_be_v3D16_eabi.lib</file>
         <name>cpy_tbl.c.obj</name>
      </input_file>
      <input_file id="fl-f0">
         <path>C:\ti\ccs1281\ccs\tools\compiler\ti-cgt-arm_20.2.7.LTS\lib\</path>
         <kind>archive</kind>
         <file>rtsv7R4_A_be_v3D16_eabi.lib</file>
         <name>copy_zero_init.c.obj</name>
      </input_file>
      <input_file id="fl-f1">
         <path>C:\ti\ccs1281\ccs\tools\compiler\ti-cgt-arm_20.2.7.LTS\lib\</path>
         <kind>archive</kind>
         <file>rtsv7R4_A_be_v3D16_eabi.lib</file>
         <name>copy_decompress_none.c.obj</name>
      </input_file>
      <input_file id="fl-f2">
         <path>C:\ti\ccs1281\ccs\tools\compiler\ti-cgt-arm_20.2.7.LTS\lib\</path>
         <kind>archive</kind>
         <file>rtsv7R4_A_be_v3D16_eabi.lib</file>
         <name>copy_decompress_lzss.c.obj</name>
      </input_file>
      <input_file id="fl-f3">
         <path>C:\ti\ccs1281\ccs\tools\compiler\ti-cgt-arm_20.2.7.LTS\lib\</path>
         <kind>archive</kind>
         <file>rtsv7R4_A_be_v3D16_eabi.lib</file>
         <name>exit.c.obj</name>
      </input_file>
      <input_file id="fl-f4">
         <path>C:\ti\ccs1281\ccs\tools\compiler\ti-cgt-arm_20.2.7.LTS\lib\</path>
         <kind>archive</kind>
         <file>rtsv7R4_A_be_v3D16_eabi.lib</file>
         <name>_lock.c.obj</name>
      </input_file>
      <input_file id="fl-f5">
         <path>C:\ti\ccs1281\ccs\tools\compiler\ti-cgt-arm_20.2.7.LTS\lib\</path>
         <kind>archive</kind>
         <file>rtsv7R4_A_be_v3D16_eabi.lib</file>
         <name>div0.asm.obj</name>
      </input_file>
   </input_file_list>
   <object_component_list>
      <object_component id="oc-31">
         <name>.intvecs</name>
         <load_address>0x0</load_address>
         <run_address>0x0</run_address>
         <size>0x20</size>
         <input_file_ref idref="fl-17"/>
      </object_component>
      <object_component id="oc-121">
         <name>.text</name>
         <load_address>0x20</load_address>
         <run_address>0x20</run_address>
         <size>0xaf0</size>
         <input_file_ref idref="fl-14"/>
      </object_component>
      <object_component id="oc-1f1">
         <name>.text</name>
         <load_address>0xb10</load_address>
         <run_address>0xb10</run_address>
         <size>0xa78</size>
         <input_file_ref idref="fl-7"/>
      </object_component>
      <object_component id="oc-d0">
         <name>.text</name>
         <load_address>0x1588</load_address>
         <run_address>0x1588</run_address>
         <size>0x9d8</size>
         <input_file_ref idref="fl-12"/>
      </object_component>
      <object_component id="oc-76">
         <name>.text</name>
         <load_address>0x1f60</load_address>
         <run_address>0x1f60</run_address>
         <size>0x95c</size>
         <input_file_ref idref="fl-1f"/>
      </object_component>
      <object_component id="oc-3d">
         <name>.text</name>
         <load_address>0x28bc</load_address>
         <run_address>0x28bc</run_address>
         <size>0x938</size>
         <input_file_ref idref="fl-1e"/>
      </object_component>
      <object_component id="oc-7c">
         <name>.text</name>
         <load_address>0x31f4</load_address>
         <run_address>0x31f4</run_address>
         <size>0x78c</size>
         <input_file_ref idref="fl-d"/>
      </object_component>
      <object_component id="oc-127">
         <name>.text</name>
         <load_address>0x3980</load_address>
         <run_address>0x3980</run_address>
         <size>0x768</size>
         <input_file_ref idref="fl-8"/>
      </object_component>
      <object_component id="oc-265">
         <name>.text</name>
         <load_address>0x40e8</load_address>
         <run_address>0x40e8</run_address>
         <size>0x714</size>
         <input_file_ref idref="fl-4"/>
      </object_component>
      <object_component id="oc-11b">
         <name>.text</name>
         <load_address>0x47fc</load_address>
         <run_address>0x47fc</run_address>
         <size>0x69c</size>
         <input_file_ref idref="fl-13"/>
      </object_component>
      <object_component id="oc-133">
         <name>.text</name>
         <load_address>0x4e98</load_address>
         <run_address>0x4e98</run_address>
         <size>0x650</size>
         <input_file_ref idref="fl-6"/>
      </object_component>
      <object_component id="oc-115">
         <name>.text</name>
         <load_address>0x54e8</load_address>
         <run_address>0x54e8</run_address>
         <size>0x484</size>
         <input_file_ref idref="fl-e"/>
      </object_component>
      <object_component id="oc-6b">
         <name>.text</name>
         <load_address>0x596c</load_address>
         <run_address>0x596c</run_address>
         <size>0x3c4</size>
         <input_file_ref idref="fl-15"/>
      </object_component>
      <object_component id="oc-82">
         <name>.text</name>
         <load_address>0x5d30</load_address>
         <run_address>0x5d30</run_address>
         <size>0x36c</size>
         <input_file_ref idref="fl-18"/>
      </object_component>
      <object_component id="oc-3c">
         <name>.text:retain</name>
         <load_address>0x609c</load_address>
         <run_address>0x609c</run_address>
         <size>0x33c</size>
         <input_file_ref idref="fl-1e"/>
      </object_component>
      <object_component id="oc-2b4">
         <name>.text:Fapi_initializeFlashBanks</name>
         <load_address>0x63d8</load_address>
         <run_address>0x63d8</run_address>
         <size>0x260</size>
         <input_file_ref idref="fl-28"/>
      </object_component>
      <object_component id="oc-53">
         <name>.text</name>
         <load_address>0x6638</load_address>
         <run_address>0x6638</run_address>
         <size>0x180</size>
         <input_file_ref idref="fl-eb"/>
      </object_component>
      <object_component id="oc-2c0">
         <name>.text:Fapi_setActiveFlashBank</name>
         <load_address>0x67b8</load_address>
         <run_address>0x67b8</run_address>
         <size>0x17c</size>
         <input_file_ref idref="fl-2b"/>
      </object_component>
      <object_component id="oc-22">
         <name>.text:retain</name>
         <load_address>0x6934</load_address>
         <run_address>0x6934</run_address>
         <size>0x178</size>
         <input_file_ref idref="fl-d"/>
      </object_component>
      <object_component id="oc-2d2">
         <name>.text:Fapi_issueProgrammingCommand</name>
         <load_address>0x6aac</load_address>
         <run_address>0x6aac</run_address>
         <size>0x164</size>
         <input_file_ref idref="fl-2c"/>
      </object_component>
      <object_component id="oc-88">
         <name>.text</name>
         <load_address>0x6c10</load_address>
         <run_address>0x6c10</run_address>
         <size>0x160</size>
         <input_file_ref idref="fl-5"/>
      </object_component>
      <object_component id="oc-1f7">
         <name>.text</name>
         <load_address>0x6d70</load_address>
         <run_address>0x6d70</run_address>
         <size>0x158</size>
         <input_file_ref idref="fl-9"/>
      </object_component>
      <object_component id="oc-1d4">
         <name>.text:floor</name>
         <load_address>0x6ec8</load_address>
         <run_address>0x6ec8</run_address>
         <size>0x13c</size>
         <input_file_ref idref="fl-ea"/>
      </object_component>
      <object_component id="oc-12d">
         <name>.text</name>
         <load_address>0x7004</load_address>
         <run_address>0x7004</run_address>
         <size>0xec</size>
         <input_file_ref idref="fl-3"/>
      </object_component>
      <object_component id="oc-70">
         <name>.text</name>
         <load_address>0x70f0</load_address>
         <run_address>0x70f0</run_address>
         <size>0xdc</size>
         <input_file_ref idref="fl-11"/>
      </object_component>
      <object_component id="oc-1c">
         <name>.text:retain</name>
         <load_address>0x71cc</load_address>
         <run_address>0x71cc</run_address>
         <size>0xb0</size>
         <input_file_ref idref="fl-1d"/>
      </object_component>
      <object_component id="oc-c2">
         <name>.text</name>
         <load_address>0x727c</load_address>
         <run_address>0x727c</run_address>
         <size>0xb0</size>
         <input_file_ref idref="fl-ec"/>
      </object_component>
      <object_component id="oc-f">
         <name>.text:decompress:lzss:__TI_decompress_lzss</name>
         <load_address>0x732c</load_address>
         <run_address>0x732c</run_address>
         <size>0x90</size>
         <input_file_ref idref="fl-f2"/>
      </object_component>
      <object_component id="oc-2c6">
         <name>.text:Fapi_enableMainBankSectors</name>
         <load_address>0x73bc</load_address>
         <run_address>0x73bc</run_address>
         <size>0x70</size>
         <input_file_ref idref="fl-27"/>
      </object_component>
      <object_component id="oc-325">
         <name>.text:_Fapi_enterMarginMode</name>
         <load_address>0x742c</load_address>
         <run_address>0x742c</run_address>
         <size>0x68</size>
         <input_file_ref idref="fl-31"/>
      </object_component>
      <object_component id="oc-e5">
         <name>.text:__TI_auto_init_nobinit_nopinit:__TI_auto_init_nobinit_nopinit</name>
         <load_address>0x7494</load_address>
         <run_address>0x7494</run_address>
         <size>0x68</size>
         <input_file_ref idref="fl-ee"/>
      </object_component>
      <object_component id="oc-260">
         <name>.text</name>
         <load_address>0x74fc</load_address>
         <run_address>0x74fc</run_address>
         <size>0x5c</size>
         <input_file_ref idref="fl-a"/>
      </object_component>
      <object_component id="oc-2b">
         <name>.text:retain</name>
         <load_address>0x7558</load_address>
         <run_address>0x7558</run_address>
         <size>0x54</size>
         <input_file_ref idref="fl-13"/>
      </object_component>
      <object_component id="oc-1df">
         <name>.text</name>
         <load_address>0x75ac</load_address>
         <run_address>0x75ac</run_address>
         <size>0x50</size>
         <input_file_ref idref="fl-ed"/>
      </object_component>
      <object_component id="oc-2e6">
         <name>.text:Fapi_calculateFletcherChecksum</name>
         <load_address>0x75fc</load_address>
         <run_address>0x75fc</run_address>
         <size>0x40</size>
         <input_file_ref idref="fl-2f"/>
      </object_component>
      <object_component id="oc-2d8">
         <name>.text:Fapi_doMarginReadByByte</name>
         <load_address>0x763c</load_address>
         <run_address>0x763c</run_address>
         <size>0x40</size>
         <input_file_ref idref="fl-2d"/>
      </object_component>
      <object_component id="oc-316">
         <name>.text:_Fapi_issueFsmCommand</name>
         <load_address>0x767c</load_address>
         <run_address>0x767c</run_address>
         <size>0x3c</size>
         <input_file_ref idref="fl-29"/>
      </object_component>
      <object_component id="oc-367">
         <name>.text:Fapi_flushPipeline</name>
         <load_address>0x76b8</load_address>
         <run_address>0x76b8</run_address>
         <size>0x38</size>
         <input_file_ref idref="fl-32"/>
      </object_component>
      <object_component id="oc-2cc">
         <name>.text:Fapi_issueAsyncCommandWithAddress</name>
         <load_address>0x76f0</load_address>
         <run_address>0x76f0</run_address>
         <size>0x30</size>
         <input_file_ref idref="fl-25"/>
      </object_component>
      <object_component id="oc-382">
         <name>.text:Fapi_waitDelay</name>
         <load_address>0x7720</load_address>
         <run_address>0x7720</run_address>
         <size>0x30</size>
         <input_file_ref idref="fl-33"/>
      </object_component>
      <object_component id="oc-331">
         <name>.text:_Fapi_exitMarginMode</name>
         <load_address>0x7750</load_address>
         <run_address>0x7750</run_address>
         <size>0x2c</size>
         <input_file_ref idref="fl-31"/>
      </object_component>
      <object_component id="oc-5f">
         <name>.text:decompress:ZI:__TI_zero_init_nomemset:__TI_zero_init_nomemset</name>
         <load_address>0x777c</load_address>
         <run_address>0x777c</run_address>
         <size>0x28</size>
         <input_file_ref idref="fl-f0"/>
      </object_component>
      <object_component id="oc-2ec">
         <name>.text:_Fapi_divideUnsignedLong</name>
         <load_address>0x77a4</load_address>
         <run_address>0x77a4</run_address>
         <size>0x1c</size>
         <input_file_ref idref="fl-28"/>
      </object_component>
      <object_component id="oc-2ba">
         <name>.text:Fapi_enableAutoEccCalculation</name>
         <load_address>0x77c0</load_address>
         <run_address>0x77c0</run_address>
         <size>0x14</size>
         <input_file_ref idref="fl-26"/>
      </object_component>
      <object_component id="oc-15">
         <name>.text:decompress:none:__TI_decompress_none</name>
         <load_address>0x77d4</load_address>
         <run_address>0x77d4</run_address>
         <size>0x14</size>
         <input_file_ref idref="fl-f1"/>
      </object_component>
      <object_component id="oc-30e">
         <name>.text:Fapi_getNumberOfBankSectors</name>
         <load_address>0x77e8</load_address>
         <run_address>0x77e8</run_address>
         <size>0x10</size>
         <input_file_ref idref="fl-30"/>
      </object_component>
      <object_component id="oc-2f8">
         <name>.text:_scaleEEFclk</name>
         <load_address>0x77f8</load_address>
         <run_address>0x77f8</run_address>
         <size>0x10</size>
         <input_file_ref idref="fl-2a"/>
      </object_component>
      <object_component id="oc-2f2">
         <name>.text:_scaleMainFclk</name>
         <load_address>0x7808</load_address>
         <run_address>0x7808</run_address>
         <size>0x10</size>
         <input_file_ref idref="fl-2a"/>
      </object_component>
      <object_component id="oc-32b">
         <name>.text:_Fapi_checkWdService</name>
         <load_address>0x7818</load_address>
         <run_address>0x7818</run_address>
         <size>0xc</size>
         <input_file_ref idref="fl-2e"/>
      </object_component>
      <object_component id="oc-36f">
         <name>.text</name>
         <load_address>0x7824</load_address>
         <run_address>0x7824</run_address>
         <size>0x8</size>
         <input_file_ref idref="fl-2"/>
      </object_component>
      <object_component id="oc-142">
         <name>.text:abort:abort</name>
         <load_address>0x782c</load_address>
         <run_address>0x782c</run_address>
         <size>0x8</size>
         <input_file_ref idref="fl-f3"/>
      </object_component>
      <object_component id="oc-36">
         <name>.text:retain</name>
         <load_address>0x7834</load_address>
         <run_address>0x7834</run_address>
         <size>0x4</size>
         <input_file_ref idref="fl-1a"/>
      </object_component>
      <object_component id="oc-252">
         <name>.text</name>
         <load_address>0x7838</load_address>
         <run_address>0x7838</run_address>
         <size>0x4</size>
         <input_file_ref idref="fl-f5"/>
      </object_component>
      <object_component id="oc-3bb">
         <name>.tramp.Fapi_serviceWatchdogTimer.1</name>
         <load_address>0x783c</load_address>
         <run_address>0x783c</run_address>
         <size>0x8</size>
         <input_file_ref idref="fl-2"/>
      </object_component>
      <object_component id="oc-2de">
         <name>.const:flash_sector</name>
         <load_address>0x7860</load_address>
         <run_address>0x7860</run_address>
         <size>0x280</size>
         <input_file_ref idref="fl-4"/>
      </object_component>
      <object_component id="oc-28">
         <name>.const:s_vim_init</name>
         <load_address>0x7ae0</load_address>
         <run_address>0x7ae0</run_address>
         <size>0x200</size>
         <input_file_ref idref="fl-1e"/>
      </object_component>
      <object_component id="oc-1fd">
         <name>.const:.string:$P$T0$1</name>
         <load_address>0x7ce0</load_address>
         <run_address>0x7ce0</run_address>
         <size>0xa</size>
         <input_file_ref idref="fl-6"/>
      </object_component>
      <object_component id="oc-3b9">
         <name>.cinit..data.load</name>
         <load_address>0x7d00</load_address>
         <run_address>0x7d00</run_address>
         <size>0x14</size>
      </object_component>
      <object_component id="oc-3b6">
         <name>__TI_handler_table</name>
         <load_address>0x7d14</load_address>
         <run_address>0x7d14</run_address>
         <size>0xc</size>
      </object_component>
      <object_component id="oc-3b8">
         <name>.cinit..bss.load</name>
         <load_address>0x7d20</load_address>
         <run_address>0x7d20</run_address>
         <size>0x8</size>
      </object_component>
      <object_component id="oc-3b7">
         <name>__TI_cinit_table</name>
         <load_address>0x7d28</load_address>
         <run_address>0x7d28</run_address>
         <size>0x10</size>
      </object_component>
      <object_component id="oc-1e4">
         <name>.bss:num_str$1</name>
         <uninitialized>true</uninitialized>
         <run_address>0x80019e4</run_address>
         <size>0xc</size>
         <input_file_ref idref="fl-8"/>
      </object_component>
      <object_component id="oc-1da">
         <name>.bss:g_sciTransfer_t</name>
         <uninitialized>true</uninitialized>
         <run_address>0x8001994</run_address>
         <size>0x50</size>
         <input_file_ref idref="fl-14"/>
      </object_component>
      <object_component id="oc-1e7">
         <name>.common:g_ulForced</name>
         <uninitialized>true</uninitialized>
         <run_address>0x80019f4</run_address>
         <size>0x4</size>
      </object_component>
      <object_component id="oc-139">
         <name>.common:g_ulTransferAddress</name>
         <uninitialized>true</uninitialized>
         <run_address>0x80019f8</run_address>
         <size>0x4</size>
      </object_component>
      <object_component id="oc-206">
         <name>.common:JumpAddress</name>
         <uninitialized>true</uninitialized>
         <run_address>0x80019f0</run_address>
         <size>0x4</size>
      </object_component>
      <object_component id="oc-203">
         <name>.common:fileName</name>
         <uninitialized>true</uninitialized>
         <run_address>0x8001934</run_address>
         <size>0x60</size>
      </object_component>
      <object_component id="oc-1ed">
         <name>.data:g_pulUpdateSuccess</name>
         <load_address>0x8001900</load_address>
         <run_address>0x8001900</run_address>
         <size>0x20</size>
         <input_file_ref idref="fl-5"/>
      </object_component>
      <object_component id="oc-1ea">
         <name>.data</name>
         <load_address>0x8001928</load_address>
         <run_address>0x8001928</run_address>
         <size>0x8</size>
         <input_file_ref idref="fl-5"/>
      </object_component>
      <object_component id="oc-200">
         <name>.data:tab_1024</name>
         <load_address>0x8001500</load_address>
         <run_address>0x8001500</run_address>
         <size>0x400</size>
         <input_file_ref idref="fl-6"/>
      </object_component>
      <object_component id="oc-34a">
         <name>.data</name>
         <load_address>0x8001920</load_address>
         <run_address>0x8001920</run_address>
         <size>0x8</size>
         <input_file_ref idref="fl-2a"/>
      </object_component>
      <object_component id="oc-30b">
         <name>.data</name>
         <load_address>0x8001930</load_address>
         <run_address>0x8001930</run_address>
         <size>0x1</size>
         <input_file_ref idref="fl-2b"/>
      </object_component>
      <object_component id="oc-21b">
         <name>.debug_info</name>
         <load_address>0x0</load_address>
         <run_address>0x0</run_address>
         <size>0x358</size>
         <input_file_ref idref="fl-2"/>
      </object_component>
      <object_component id="oc-372">
         <name>.debug_info</name>
         <load_address>0x358</load_address>
         <run_address>0x358</run_address>
         <size>0x163</size>
         <input_file_ref idref="fl-2"/>
      </object_component>
      <object_component id="oc-28a">
         <name>.debug_info</name>
         <load_address>0x4bb</load_address>
         <run_address>0x4bb</run_address>
         <size>0xe57</size>
         <input_file_ref idref="fl-2"/>
      </object_component>
      <object_component id="oc-150">
         <name>.debug_info</name>
         <load_address>0x1312</load_address>
         <run_address>0x1312</run_address>
         <size>0x26b</size>
         <input_file_ref idref="fl-2"/>
      </object_component>
      <object_component id="oc-28f">
         <name>.debug_info</name>
         <load_address>0x157d</load_address>
         <run_address>0x157d</run_address>
         <size>0x26d5</size>
         <input_file_ref idref="fl-2"/>
      </object_component>
      <object_component id="oc-4e">
         <name>.debug_info</name>
         <load_address>0x3c52</load_address>
         <run_address>0x3c52</run_address>
         <size>0x84</size>
         <input_file_ref idref="fl-2"/>
      </object_component>
      <object_component id="oc-20c">
         <name>.debug_info</name>
         <load_address>0x3cd6</load_address>
         <run_address>0x3cd6</run_address>
         <size>0x2a4</size>
         <input_file_ref idref="fl-2"/>
      </object_component>
      <object_component id="oc-13d">
         <name>.debug_info</name>
         <load_address>0x3f7a</load_address>
         <run_address>0x3f7a</run_address>
         <size>0xbb</size>
         <input_file_ref idref="fl-2"/>
      </object_component>
      <object_component id="oc-1e8">
         <name>.debug_info</name>
         <load_address>0x4035</load_address>
         <run_address>0x4035</run_address>
         <size>0x325</size>
         <input_file_ref idref="fl-3"/>
      </object_component>
      <object_component id="oc-130">
         <name>.debug_info</name>
         <load_address>0x435a</load_address>
         <run_address>0x435a</run_address>
         <size>0x1b6</size>
         <input_file_ref idref="fl-3"/>
      </object_component>
      <object_component id="oc-91">
         <name>.debug_info</name>
         <load_address>0x4510</load_address>
         <run_address>0x4510</run_address>
         <size>0x157</size>
         <input_file_ref idref="fl-3"/>
      </object_component>
      <object_component id="oc-a2">
         <name>.debug_info</name>
         <load_address>0x4667</load_address>
         <run_address>0x4667</run_address>
         <size>0x8b</size>
         <input_file_ref idref="fl-3"/>
      </object_component>
      <object_component id="oc-a7">
         <name>.debug_info</name>
         <load_address>0x46f2</load_address>
         <run_address>0x46f2</run_address>
         <size>0x86</size>
         <input_file_ref idref="fl-3"/>
      </object_component>
      <object_component id="oc-164">
         <name>.debug_info</name>
         <load_address>0x4778</load_address>
         <run_address>0x4778</run_address>
         <size>0x1f9</size>
         <input_file_ref idref="fl-3"/>
      </object_component>
      <object_component id="oc-236">
         <name>.debug_info</name>
         <load_address>0x4971</load_address>
         <run_address>0x4971</run_address>
         <size>0x12a</size>
         <input_file_ref idref="fl-3"/>
      </object_component>
      <object_component id="oc-1a8">
         <name>.debug_info</name>
         <load_address>0x4a9b</load_address>
         <run_address>0x4a9b</run_address>
         <size>0x243</size>
         <input_file_ref idref="fl-3"/>
      </object_component>
      <object_component id="oc-24d">
         <name>.debug_info</name>
         <load_address>0x4cde</load_address>
         <run_address>0x4cde</run_address>
         <size>0x18e</size>
         <input_file_ref idref="fl-3"/>
      </object_component>
      <object_component id="oc-2e2">
         <name>.debug_info</name>
         <load_address>0x4e6c</load_address>
         <run_address>0x4e6c</run_address>
         <size>0x5ae</size>
         <input_file_ref idref="fl-4"/>
      </object_component>
      <object_component id="oc-2df">
         <name>.debug_info</name>
         <load_address>0x541a</load_address>
         <run_address>0x541a</run_address>
         <size>0xe0</size>
         <input_file_ref idref="fl-4"/>
      </object_component>
      <object_component id="oc-269">
         <name>.debug_info</name>
         <load_address>0x54fa</load_address>
         <run_address>0x54fa</run_address>
         <size>0xe83</size>
         <input_file_ref idref="fl-4"/>
      </object_component>
      <object_component id="oc-342">
         <name>.debug_info</name>
         <load_address>0x637d</load_address>
         <run_address>0x637d</run_address>
         <size>0x1eff</size>
         <input_file_ref idref="fl-4"/>
      </object_component>
      <object_component id="oc-33d">
         <name>.debug_info</name>
         <load_address>0x827c</load_address>
         <run_address>0x827c</run_address>
         <size>0x11d</size>
         <input_file_ref idref="fl-4"/>
      </object_component>
      <object_component id="oc-13a">
         <name>.debug_info</name>
         <load_address>0x8399</load_address>
         <run_address>0x8399</run_address>
         <size>0x63f</size>
         <input_file_ref idref="fl-5"/>
      </object_component>
      <object_component id="oc-1ee">
         <name>.debug_info</name>
         <load_address>0x89d8</load_address>
         <run_address>0x89d8</run_address>
         <size>0xeb</size>
         <input_file_ref idref="fl-5"/>
      </object_component>
      <object_component id="oc-1eb">
         <name>.debug_info</name>
         <load_address>0x8ac3</load_address>
         <run_address>0x8ac3</run_address>
         <size>0x128</size>
         <input_file_ref idref="fl-5"/>
      </object_component>
      <object_component id="oc-8b">
         <name>.debug_info</name>
         <load_address>0x8beb</load_address>
         <run_address>0x8beb</run_address>
         <size>0x3e8</size>
         <input_file_ref idref="fl-5"/>
      </object_component>
      <object_component id="oc-d7">
         <name>.debug_info</name>
         <load_address>0x8fd3</load_address>
         <run_address>0x8fd3</run_address>
         <size>0x429</size>
         <input_file_ref idref="fl-5"/>
      </object_component>
      <object_component id="oc-18f">
         <name>.debug_info</name>
         <load_address>0x93fc</load_address>
         <run_address>0x93fc</run_address>
         <size>0x306</size>
         <input_file_ref idref="fl-5"/>
      </object_component>
      <object_component id="oc-155">
         <name>.debug_info</name>
         <load_address>0x9702</load_address>
         <run_address>0x9702</run_address>
         <size>0x102</size>
         <input_file_ref idref="fl-5"/>
      </object_component>
      <object_component id="oc-1cf">
         <name>.debug_info</name>
         <load_address>0x9804</load_address>
         <run_address>0x9804</run_address>
         <size>0x1d4</size>
         <input_file_ref idref="fl-5"/>
      </object_component>
      <object_component id="oc-15f">
         <name>.debug_info</name>
         <load_address>0x99d8</load_address>
         <run_address>0x99d8</run_address>
         <size>0x44a</size>
         <input_file_ref idref="fl-5"/>
      </object_component>
      <object_component id="oc-169">
         <name>.debug_info</name>
         <load_address>0x9e22</load_address>
         <run_address>0x9e22</run_address>
         <size>0x152</size>
         <input_file_ref idref="fl-5"/>
      </object_component>
      <object_component id="oc-16e">
         <name>.debug_info</name>
         <load_address>0x9f74</load_address>
         <run_address>0x9f74</run_address>
         <size>0x70a</size>
         <input_file_ref idref="fl-5"/>
      </object_component>
      <object_component id="oc-207">
         <name>.debug_info</name>
         <load_address>0xa67e</load_address>
         <run_address>0xa67e</run_address>
         <size>0x4ad</size>
         <input_file_ref idref="fl-6"/>
      </object_component>
      <object_component id="oc-201">
         <name>.debug_info</name>
         <load_address>0xab2b</load_address>
         <run_address>0xab2b</run_address>
         <size>0xd7</size>
         <input_file_ref idref="fl-6"/>
      </object_component>
      <object_component id="oc-1fe">
         <name>.debug_info</name>
         <load_address>0xac02</load_address>
         <run_address>0xac02</run_address>
         <size>0xd4</size>
         <input_file_ref idref="fl-6"/>
      </object_component>
      <object_component id="oc-137">
         <name>.debug_info</name>
         <load_address>0xacd6</load_address>
         <run_address>0xacd6</run_address>
         <size>0x4eb</size>
         <input_file_ref idref="fl-6"/>
      </object_component>
      <object_component id="oc-204">
         <name>.debug_info</name>
         <load_address>0xb1c1</load_address>
         <run_address>0xb1c1</run_address>
         <size>0x59c</size>
         <input_file_ref idref="fl-7"/>
      </object_component>
      <object_component id="oc-1f4">
         <name>.debug_info</name>
         <load_address>0xb75d</load_address>
         <run_address>0xb75d</run_address>
         <size>0xa2f</size>
         <input_file_ref idref="fl-7"/>
      </object_component>
      <object_component id="oc-26c">
         <name>.debug_info</name>
         <load_address>0xc18c</load_address>
         <run_address>0xc18c</run_address>
         <size>0x87</size>
         <input_file_ref idref="fl-7"/>
      </object_component>
      <object_component id="oc-1e6">
         <name>.debug_info</name>
         <load_address>0xc213</load_address>
         <run_address>0xc213</run_address>
         <size>0x2c0</size>
         <input_file_ref idref="fl-8"/>
      </object_component>
      <object_component id="oc-129">
         <name>.debug_info</name>
         <load_address>0xc4d3</load_address>
         <run_address>0xc4d3</run_address>
         <size>0x7d3</size>
         <input_file_ref idref="fl-8"/>
      </object_component>
      <object_component id="oc-1f8">
         <name>.debug_info</name>
         <load_address>0xcca6</load_address>
         <run_address>0xcca6</run_address>
         <size>0x2b3</size>
         <input_file_ref idref="fl-9"/>
      </object_component>
      <object_component id="oc-262">
         <name>.debug_info</name>
         <load_address>0xcf59</load_address>
         <run_address>0xcf59</run_address>
         <size>0xee</size>
         <input_file_ref idref="fl-a"/>
      </object_component>
      <object_component id="oc-17d">
         <name>.debug_info</name>
         <load_address>0xd047</load_address>
         <run_address>0xd047</run_address>
         <size>0x384</size>
         <input_file_ref idref="fl-b"/>
      </object_component>
      <object_component id="oc-9d">
         <name>.debug_info</name>
         <load_address>0xd3cb</load_address>
         <run_address>0xd3cb</run_address>
         <size>0x18c</size>
         <input_file_ref idref="fl-b"/>
      </object_component>
      <object_component id="oc-19e">
         <name>.debug_info</name>
         <load_address>0xd557</load_address>
         <run_address>0xd557</run_address>
         <size>0x142</size>
         <input_file_ref idref="fl-b"/>
      </object_component>
      <object_component id="oc-15a">
         <name>.debug_info</name>
         <load_address>0xd699</load_address>
         <run_address>0xd699</run_address>
         <size>0x285</size>
         <input_file_ref idref="fl-b"/>
      </object_component>
      <object_component id="oc-173">
         <name>.debug_info</name>
         <load_address>0xd91e</load_address>
         <run_address>0xd91e</run_address>
         <size>0x36d</size>
         <input_file_ref idref="fl-b"/>
      </object_component>
      <object_component id="oc-e3">
         <name>.debug_info</name>
         <load_address>0xdc8b</load_address>
         <run_address>0xdc8b</run_address>
         <size>0x350</size>
         <input_file_ref idref="fl-d"/>
      </object_component>
      <object_component id="oc-7d">
         <name>.debug_info</name>
         <load_address>0xdfdb</load_address>
         <run_address>0xdfdb</run_address>
         <size>0x10c5</size>
         <input_file_ref idref="fl-d"/>
      </object_component>
      <object_component id="oc-23">
         <name>.debug_info</name>
         <load_address>0xf0a0</load_address>
         <run_address>0xf0a0</run_address>
         <size>0x1ad</size>
         <input_file_ref idref="fl-d"/>
      </object_component>
      <object_component id="oc-de">
         <name>.debug_info</name>
         <load_address>0xf24d</load_address>
         <run_address>0xf24d</run_address>
         <size>0x168</size>
         <input_file_ref idref="fl-d"/>
      </object_component>
      <object_component id="oc-1cc">
         <name>.debug_info</name>
         <load_address>0xf3b5</load_address>
         <run_address>0xf3b5</run_address>
         <size>0x2b5</size>
         <input_file_ref idref="fl-e"/>
      </object_component>
      <object_component id="oc-116">
         <name>.debug_info</name>
         <load_address>0xf66a</load_address>
         <run_address>0xf66a</run_address>
         <size>0x71f</size>
         <input_file_ref idref="fl-e"/>
      </object_component>
      <object_component id="oc-21e">
         <name>.debug_info</name>
         <load_address>0xfd89</load_address>
         <run_address>0xfd89</run_address>
         <size>0x311</size>
         <input_file_ref idref="fl-f"/>
      </object_component>
      <object_component id="oc-185">
         <name>.debug_info</name>
         <load_address>0x1009a</load_address>
         <run_address>0x1009a</run_address>
         <size>0x2c</size>
         <input_file_ref idref="fl-f"/>
      </object_component>
      <object_component id="oc-199">
         <name>.debug_info</name>
         <load_address>0x100c6</load_address>
         <run_address>0x100c6</run_address>
         <size>0x35</size>
         <input_file_ref idref="fl-f"/>
      </object_component>
      <object_component id="oc-1a3">
         <name>.debug_info</name>
         <load_address>0x100fb</load_address>
         <run_address>0x100fb</run_address>
         <size>0x3d3</size>
         <input_file_ref idref="fl-f"/>
      </object_component>
      <object_component id="oc-296">
         <name>.debug_info</name>
         <load_address>0x104ce</load_address>
         <run_address>0x104ce</run_address>
         <size>0x2e3</size>
         <input_file_ref idref="fl-f"/>
      </object_component>
      <object_component id="oc-ca">
         <name>.debug_info</name>
         <load_address>0x107b1</load_address>
         <run_address>0x107b1</run_address>
         <size>0x3da</size>
         <input_file_ref idref="fl-11"/>
      </object_component>
      <object_component id="oc-71">
         <name>.debug_info</name>
         <load_address>0x10b8b</load_address>
         <run_address>0x10b8b</run_address>
         <size>0xa3d</size>
         <input_file_ref idref="fl-11"/>
      </object_component>
      <object_component id="oc-194">
         <name>.debug_info</name>
         <load_address>0x115c8</load_address>
         <run_address>0x115c8</run_address>
         <size>0xadd</size>
         <input_file_ref idref="fl-11"/>
      </object_component>
      <object_component id="oc-cb">
         <name>.debug_info</name>
         <load_address>0x120a5</load_address>
         <run_address>0x120a5</run_address>
         <size>0x6eb</size>
         <input_file_ref idref="fl-11"/>
      </object_component>
      <object_component id="oc-220">
         <name>.debug_info</name>
         <load_address>0x12790</load_address>
         <run_address>0x12790</run_address>
         <size>0x2b7</size>
         <input_file_ref idref="fl-12"/>
      </object_component>
      <object_component id="oc-d2">
         <name>.debug_info</name>
         <load_address>0x12a47</load_address>
         <run_address>0x12a47</run_address>
         <size>0x121</size>
         <input_file_ref idref="fl-12"/>
      </object_component>
      <object_component id="oc-1b5">
         <name>.debug_info</name>
         <load_address>0x12b68</load_address>
         <run_address>0x12b68</run_address>
         <size>0x199</size>
         <input_file_ref idref="fl-12"/>
      </object_component>
      <object_component id="oc-1ce">
         <name>.debug_info</name>
         <load_address>0x12d01</load_address>
         <run_address>0x12d01</run_address>
         <size>0x310</size>
         <input_file_ref idref="fl-13"/>
      </object_component>
      <object_component id="oc-11d">
         <name>.debug_info</name>
         <load_address>0x13011</load_address>
         <run_address>0x13011</run_address>
         <size>0x10d5</size>
         <input_file_ref idref="fl-13"/>
      </object_component>
      <object_component id="oc-2d">
         <name>.debug_info</name>
         <load_address>0x140e6</load_address>
         <run_address>0x140e6</run_address>
         <size>0x14b</size>
         <input_file_ref idref="fl-13"/>
      </object_component>
      <object_component id="oc-1de">
         <name>.debug_info</name>
         <load_address>0x14231</load_address>
         <run_address>0x14231</run_address>
         <size>0x302</size>
         <input_file_ref idref="fl-14"/>
      </object_component>
      <object_component id="oc-1db">
         <name>.debug_info</name>
         <load_address>0x14533</load_address>
         <run_address>0x14533</run_address>
         <size>0xea</size>
         <input_file_ref idref="fl-14"/>
      </object_component>
      <object_component id="oc-123">
         <name>.debug_info</name>
         <load_address>0x1461d</load_address>
         <run_address>0x1461d</run_address>
         <size>0xd75</size>
         <input_file_ref idref="fl-14"/>
      </object_component>
      <object_component id="oc-248">
         <name>.debug_info</name>
         <load_address>0x15392</load_address>
         <run_address>0x15392</run_address>
         <size>0x91</size>
         <input_file_ref idref="fl-14"/>
      </object_component>
      <object_component id="oc-6d">
         <name>.debug_info</name>
         <load_address>0x15423</load_address>
         <run_address>0x15423</run_address>
         <size>0x814</size>
         <input_file_ref idref="fl-15"/>
      </object_component>
      <object_component id="oc-34">
         <name>.debug_info</name>
         <load_address>0x15c37</load_address>
         <run_address>0x15c37</run_address>
         <size>0x10a</size>
         <input_file_ref idref="fl-17"/>
      </object_component>
      <object_component id="oc-83">
         <name>.debug_info</name>
         <load_address>0x15d41</load_address>
         <run_address>0x15d41</run_address>
         <size>0x441</size>
         <input_file_ref idref="fl-18"/>
      </object_component>
      <object_component id="oc-21f">
         <name>.debug_info</name>
         <load_address>0x16182</load_address>
         <run_address>0x16182</run_address>
         <size>0x2f8</size>
         <input_file_ref idref="fl-19"/>
      </object_component>
      <object_component id="oc-1b0">
         <name>.debug_info</name>
         <load_address>0x1647a</load_address>
         <run_address>0x1647a</run_address>
         <size>0x457</size>
         <input_file_ref idref="fl-19"/>
      </object_component>
      <object_component id="oc-39">
         <name>.debug_info</name>
         <load_address>0x168d1</load_address>
         <run_address>0x168d1</run_address>
         <size>0x142</size>
         <input_file_ref idref="fl-1a"/>
      </object_component>
      <object_component id="oc-1d">
         <name>.debug_info</name>
         <load_address>0x16a13</load_address>
         <run_address>0x16a13</run_address>
         <size>0x26d</size>
         <input_file_ref idref="fl-1d"/>
      </object_component>
      <object_component id="oc-98">
         <name>.debug_info</name>
         <load_address>0x16c80</load_address>
         <run_address>0x16c80</run_address>
         <size>0x483</size>
         <input_file_ref idref="fl-1e"/>
      </object_component>
      <object_component id="oc-29">
         <name>.debug_info</name>
         <load_address>0x17103</load_address>
         <run_address>0x17103</run_address>
         <size>0xe4</size>
         <input_file_ref idref="fl-1e"/>
      </object_component>
      <object_component id="oc-3e">
         <name>.debug_info</name>
         <load_address>0x171e7</load_address>
         <run_address>0x171e7</run_address>
         <size>0x494</size>
         <input_file_ref idref="fl-1e"/>
      </object_component>
      <object_component id="oc-44">
         <name>.debug_info</name>
         <load_address>0x1767b</load_address>
         <run_address>0x1767b</run_address>
         <size>0x1ff</size>
         <input_file_ref idref="fl-1e"/>
      </object_component>
      <object_component id="oc-178">
         <name>.debug_info</name>
         <load_address>0x1787a</load_address>
         <run_address>0x1787a</run_address>
         <size>0x4f</size>
         <input_file_ref idref="fl-1e"/>
      </object_component>
      <object_component id="oc-dc">
         <name>.debug_info</name>
         <load_address>0x178c9</load_address>
         <run_address>0x178c9</run_address>
         <size>0x3e6</size>
         <input_file_ref idref="fl-1f"/>
      </object_component>
      <object_component id="oc-77">
         <name>.debug_info</name>
         <load_address>0x17caf</load_address>
         <run_address>0x17caf</run_address>
         <size>0x594</size>
         <input_file_ref idref="fl-1f"/>
      </object_component>
      <object_component id="oc-31d">
         <name>.debug_info</name>
         <load_address>0x18243</load_address>
         <run_address>0x18243</run_address>
         <size>0x254</size>
         <input_file_ref idref="fl-25"/>
      </object_component>
      <object_component id="oc-2cd">
         <name>.debug_info</name>
         <load_address>0x18497</load_address>
         <run_address>0x18497</run_address>
         <size>0x24a</size>
         <input_file_ref idref="fl-25"/>
      </object_component>
      <object_component id="oc-2ff">
         <name>.debug_info</name>
         <load_address>0x186e1</load_address>
         <run_address>0x186e1</run_address>
         <size>0xe55</size>
         <input_file_ref idref="fl-25"/>
      </object_component>
      <object_component id="oc-356">
         <name>.debug_info</name>
         <load_address>0x19536</load_address>
         <run_address>0x19536</run_address>
         <size>0x1eff</size>
         <input_file_ref idref="fl-25"/>
      </object_component>
      <object_component id="oc-351">
         <name>.debug_info</name>
         <load_address>0x1b435</load_address>
         <run_address>0x1b435</run_address>
         <size>0x1be8</size>
         <input_file_ref idref="fl-25"/>
      </object_component>
      <object_component id="oc-304">
         <name>.debug_info</name>
         <load_address>0x1d01d</load_address>
         <run_address>0x1d01d</run_address>
         <size>0x18b</size>
         <input_file_ref idref="fl-25"/>
      </object_component>
      <object_component id="oc-2bb">
         <name>.debug_info</name>
         <load_address>0x1d1a8</load_address>
         <run_address>0x1d1a8</run_address>
         <size>0x19b</size>
         <input_file_ref idref="fl-26"/>
      </object_component>
      <object_component id="oc-315">
         <name>.debug_info</name>
         <load_address>0x1d343</load_address>
         <run_address>0x1d343</run_address>
         <size>0x267</size>
         <input_file_ref idref="fl-27"/>
      </object_component>
      <object_component id="oc-2c7">
         <name>.debug_info</name>
         <load_address>0x1d5aa</load_address>
         <run_address>0x1d5aa</run_address>
         <size>0x26a</size>
         <input_file_ref idref="fl-27"/>
      </object_component>
      <object_component id="oc-309">
         <name>.debug_info</name>
         <load_address>0x1d814</load_address>
         <run_address>0x1d814</run_address>
         <size>0x2d5</size>
         <input_file_ref idref="fl-28"/>
      </object_component>
      <object_component id="oc-2ee">
         <name>.debug_info</name>
         <load_address>0x1dae9</load_address>
         <run_address>0x1dae9</run_address>
         <size>0x232</size>
         <input_file_ref idref="fl-28"/>
      </object_component>
      <object_component id="oc-2b6">
         <name>.debug_info</name>
         <load_address>0x1dd1b</load_address>
         <run_address>0x1dd1b</run_address>
         <size>0x3f8</size>
         <input_file_ref idref="fl-28"/>
      </object_component>
      <object_component id="oc-362">
         <name>.debug_info</name>
         <load_address>0x1e113</load_address>
         <run_address>0x1e113</run_address>
         <size>0x219</size>
         <input_file_ref idref="fl-29"/>
      </object_component>
      <object_component id="oc-317">
         <name>.debug_info</name>
         <load_address>0x1e32c</load_address>
         <run_address>0x1e32c</run_address>
         <size>0x1b7</size>
         <input_file_ref idref="fl-29"/>
      </object_component>
      <object_component id="oc-34c">
         <name>.debug_info</name>
         <load_address>0x1e4e3</load_address>
         <run_address>0x1e4e3</run_address>
         <size>0x279</size>
         <input_file_ref idref="fl-2a"/>
      </object_component>
      <object_component id="oc-2f3">
         <name>.debug_info</name>
         <load_address>0x1e75c</load_address>
         <run_address>0x1e75c</run_address>
         <size>0x1d6</size>
         <input_file_ref idref="fl-2a"/>
      </object_component>
      <object_component id="oc-2fa">
         <name>.debug_info</name>
         <load_address>0x1e932</load_address>
         <run_address>0x1e932</run_address>
         <size>0x1ce</size>
         <input_file_ref idref="fl-2a"/>
      </object_component>
      <object_component id="oc-30d">
         <name>.debug_info</name>
         <load_address>0x1eb00</load_address>
         <run_address>0x1eb00</run_address>
         <size>0x27d</size>
         <input_file_ref idref="fl-2b"/>
      </object_component>
      <object_component id="oc-2c2">
         <name>.debug_info</name>
         <load_address>0x1ed7d</load_address>
         <run_address>0x1ed7d</run_address>
         <size>0x328</size>
         <input_file_ref idref="fl-2b"/>
      </object_component>
      <object_component id="oc-31f">
         <name>.debug_info</name>
         <load_address>0x1f0a5</load_address>
         <run_address>0x1f0a5</run_address>
         <size>0x297</size>
         <input_file_ref idref="fl-2c"/>
      </object_component>
      <object_component id="oc-2d4">
         <name>.debug_info</name>
         <load_address>0x1f33c</load_address>
         <run_address>0x1f33c</run_address>
         <size>0x555</size>
         <input_file_ref idref="fl-2c"/>
      </object_component>
      <object_component id="oc-320">
         <name>.debug_info</name>
         <load_address>0x1f891</load_address>
         <run_address>0x1f891</run_address>
         <size>0x72</size>
         <input_file_ref idref="fl-2c"/>
      </object_component>
      <object_component id="oc-338">
         <name>.debug_info</name>
         <load_address>0x1f903</load_address>
         <run_address>0x1f903</run_address>
         <size>0x2ce</size>
         <input_file_ref idref="fl-2d"/>
      </object_component>
      <object_component id="oc-2d9">
         <name>.debug_info</name>
         <load_address>0x1fbd1</load_address>
         <run_address>0x1fbd1</run_address>
         <size>0x2fb</size>
         <input_file_ref idref="fl-2d"/>
      </object_component>
      <object_component id="oc-376">
         <name>.debug_info</name>
         <load_address>0x1fecc</load_address>
         <run_address>0x1fecc</run_address>
         <size>0x244</size>
         <input_file_ref idref="fl-2e"/>
      </object_component>
      <object_component id="oc-32c">
         <name>.debug_info</name>
         <load_address>0x20110</load_address>
         <run_address>0x20110</run_address>
         <size>0x1a1</size>
         <input_file_ref idref="fl-2e"/>
      </object_component>
      <object_component id="oc-348">
         <name>.debug_info</name>
         <load_address>0x202b1</load_address>
         <run_address>0x202b1</run_address>
         <size>0x219</size>
         <input_file_ref idref="fl-2f"/>
      </object_component>
      <object_component id="oc-2ea">
         <name>.debug_info</name>
         <load_address>0x204ca</load_address>
         <run_address>0x204ca</run_address>
         <size>0x255</size>
         <input_file_ref idref="fl-2f"/>
      </object_component>
      <object_component id="oc-35e">
         <name>.debug_info</name>
         <load_address>0x2071f</load_address>
         <run_address>0x2071f</run_address>
         <size>0x214</size>
         <input_file_ref idref="fl-30"/>
      </object_component>
      <object_component id="oc-312">
         <name>.debug_info</name>
         <load_address>0x20933</load_address>
         <run_address>0x20933</run_address>
         <size>0x1b0</size>
         <input_file_ref idref="fl-30"/>
      </object_component>
      <object_component id="oc-36e">
         <name>.debug_info</name>
         <load_address>0x20ae3</load_address>
         <run_address>0x20ae3</run_address>
         <size>0x282</size>
         <input_file_ref idref="fl-31"/>
      </object_component>
      <object_component id="oc-335">
         <name>.debug_info</name>
         <load_address>0x20d65</load_address>
         <run_address>0x20d65</run_address>
         <size>0x1a8</size>
         <input_file_ref idref="fl-31"/>
      </object_component>
      <object_component id="oc-329">
         <name>.debug_info</name>
         <load_address>0x20f0d</load_address>
         <run_address>0x20f0d</run_address>
         <size>0x22f</size>
         <input_file_ref idref="fl-31"/>
      </object_component>
      <object_component id="oc-36b">
         <name>.debug_info</name>
         <load_address>0x2113c</load_address>
         <run_address>0x2113c</run_address>
         <size>0x173</size>
         <input_file_ref idref="fl-32"/>
      </object_component>
      <object_component id="oc-38f">
         <name>.debug_info</name>
         <load_address>0x212af</load_address>
         <run_address>0x212af</run_address>
         <size>0x20b</size>
         <input_file_ref idref="fl-33"/>
      </object_component>
      <object_component id="oc-384">
         <name>.debug_info</name>
         <load_address>0x214ba</load_address>
         <run_address>0x214ba</run_address>
         <size>0x1d2</size>
         <input_file_ref idref="fl-33"/>
      </object_component>
      <object_component id="oc-243">
         <name>.debug_info</name>
         <load_address>0x2168c</load_address>
         <run_address>0x2168c</run_address>
         <size>0x25d</size>
         <input_file_ref idref="fl-ea"/>
      </object_component>
      <object_component id="oc-1d6">
         <name>.debug_info</name>
         <load_address>0x218e9</load_address>
         <run_address>0x218e9</run_address>
         <size>0x16e</size>
         <input_file_ref idref="fl-ea"/>
      </object_component>
      <object_component id="oc-2ab">
         <name>.debug_info</name>
         <load_address>0x21a57</load_address>
         <run_address>0x21a57</run_address>
         <size>0x46</size>
         <input_file_ref idref="fl-ea"/>
      </object_component>
      <object_component id="oc-23e">
         <name>.debug_info</name>
         <load_address>0x21a9d</load_address>
         <run_address>0x21a9d</run_address>
         <size>0x39</size>
         <input_file_ref idref="fl-ea"/>
      </object_component>
      <object_component id="oc-56">
         <name>.debug_info</name>
         <load_address>0x21ad6</load_address>
         <run_address>0x21ad6</run_address>
         <size>0x152</size>
         <input_file_ref idref="fl-eb"/>
      </object_component>
      <object_component id="oc-c3">
         <name>.debug_info</name>
         <load_address>0x21c28</load_address>
         <run_address>0x21c28</run_address>
         <size>0x11a</size>
         <input_file_ref idref="fl-ec"/>
      </object_component>
      <object_component id="oc-1e2">
         <name>.debug_info</name>
         <load_address>0x21d42</load_address>
         <run_address>0x21d42</run_address>
         <size>0x11f</size>
         <input_file_ref idref="fl-ed"/>
      </object_component>
      <object_component id="oc-1bd">
         <name>.debug_info</name>
         <load_address>0x21e61</load_address>
         <run_address>0x21e61</run_address>
         <size>0x481</size>
         <input_file_ref idref="fl-ee"/>
      </object_component>
      <object_component id="oc-e6">
         <name>.debug_info</name>
         <load_address>0x222e2</load_address>
         <run_address>0x222e2</run_address>
         <size>0x174</size>
         <input_file_ref idref="fl-ee"/>
      </object_component>
      <object_component id="oc-223">
         <name>.debug_info</name>
         <load_address>0x22456</load_address>
         <run_address>0x22456</run_address>
         <size>0x39</size>
         <input_file_ref idref="fl-ee"/>
      </object_component>
      <object_component id="oc-29f">
         <name>.debug_info</name>
         <load_address>0x2248f</load_address>
         <run_address>0x2248f</run_address>
         <size>0x39</size>
         <input_file_ref idref="fl-ee"/>
      </object_component>
      <object_component id="oc-228">
         <name>.debug_info</name>
         <load_address>0x224c8</load_address>
         <run_address>0x224c8</run_address>
         <size>0x39</size>
         <input_file_ref idref="fl-ee"/>
      </object_component>
      <object_component id="oc-22d">
         <name>.debug_info</name>
         <load_address>0x22501</load_address>
         <run_address>0x22501</run_address>
         <size>0xcd</size>
         <input_file_ref idref="fl-ee"/>
      </object_component>
      <object_component id="oc-c1">
         <name>.debug_info</name>
         <load_address>0x225ce</load_address>
         <run_address>0x225ce</run_address>
         <size>0x29d</size>
         <input_file_ref idref="fl-f0"/>
      </object_component>
      <object_component id="oc-62">
         <name>.debug_info</name>
         <load_address>0x2286b</load_address>
         <run_address>0x2286b</run_address>
         <size>0x1a0</size>
         <input_file_ref idref="fl-f0"/>
      </object_component>
      <object_component id="oc-bc">
         <name>.debug_info</name>
         <load_address>0x22a0b</load_address>
         <run_address>0x22a0b</run_address>
         <size>0x46</size>
         <input_file_ref idref="fl-f0"/>
      </object_component>
      <object_component id="oc-5e">
         <name>.debug_info</name>
         <load_address>0x22a51</load_address>
         <run_address>0x22a51</run_address>
         <size>0x271</size>
         <input_file_ref idref="fl-f1"/>
      </object_component>
      <object_component id="oc-19">
         <name>.debug_info</name>
         <load_address>0x22cc2</load_address>
         <run_address>0x22cc2</run_address>
         <size>0x1a3</size>
         <input_file_ref idref="fl-f1"/>
      </object_component>
      <object_component id="oc-59">
         <name>.debug_info</name>
         <load_address>0x22e65</load_address>
         <run_address>0x22e65</run_address>
         <size>0x46</size>
         <input_file_ref idref="fl-f1"/>
      </object_component>
      <object_component id="oc-b4">
         <name>.debug_info</name>
         <load_address>0x22eab</load_address>
         <run_address>0x22eab</run_address>
         <size>0x2c</size>
         <input_file_ref idref="fl-f1"/>
      </object_component>
      <object_component id="oc-b2">
         <name>.debug_info</name>
         <load_address>0x22ed7</load_address>
         <run_address>0x22ed7</run_address>
         <size>0x26c</size>
         <input_file_ref idref="fl-f2"/>
      </object_component>
      <object_component id="oc-11">
         <name>.debug_info</name>
         <load_address>0x23143</load_address>
         <run_address>0x23143</run_address>
         <size>0x21e</size>
         <input_file_ref idref="fl-f2"/>
      </object_component>
      <object_component id="oc-49">
         <name>.debug_info</name>
         <load_address>0x23361</load_address>
         <run_address>0x23361</run_address>
         <size>0x60</size>
         <input_file_ref idref="fl-f2"/>
      </object_component>
      <object_component id="oc-17e">
         <name>.debug_info</name>
         <load_address>0x233c1</load_address>
         <run_address>0x233c1</run_address>
         <size>0x46</size>
         <input_file_ref idref="fl-f2"/>
      </object_component>
      <object_component id="oc-ad">
         <name>.debug_info</name>
         <load_address>0x23407</load_address>
         <run_address>0x23407</run_address>
         <size>0x39</size>
         <input_file_ref idref="fl-f2"/>
      </object_component>
      <object_component id="oc-146">
         <name>.debug_info</name>
         <load_address>0x23440</load_address>
         <run_address>0x23440</run_address>
         <size>0xf0</size>
         <input_file_ref idref="fl-f3"/>
      </object_component>
      <object_component id="oc-253">
         <name>.debug_info</name>
         <load_address>0x23530</load_address>
         <run_address>0x23530</run_address>
         <size>0xe3</size>
         <input_file_ref idref="fl-f5"/>
      </object_component>
      <object_component id="oc-3bc">
         <name>.debug_info</name>
         <load_address>0x23613</load_address>
         <run_address>0x23613</run_address>
         <size>0x100</size>
      </object_component>
      <object_component id="oc-289">
         <name>.debug_line</name>
         <load_address>0x0</load_address>
         <run_address>0x0</run_address>
         <size>0x20</size>
         <input_file_ref idref="fl-2"/>
      </object_component>
      <object_component id="oc-370">
         <name>.debug_line</name>
         <load_address>0x20</load_address>
         <run_address>0x20</run_address>
         <size>0x57</size>
         <input_file_ref idref="fl-2"/>
      </object_component>
      <object_component id="oc-28d">
         <name>.debug_line</name>
         <load_address>0x77</load_address>
         <run_address>0x77</run_address>
         <size>0x63</size>
         <input_file_ref idref="fl-2"/>
      </object_component>
      <object_component id="oc-153">
         <name>.debug_line</name>
         <load_address>0xda</load_address>
         <run_address>0xda</run_address>
         <size>0x6f</size>
         <input_file_ref idref="fl-2"/>
      </object_component>
      <object_component id="oc-292">
         <name>.debug_line</name>
         <load_address>0x149</load_address>
         <run_address>0x149</run_address>
         <size>0x6e</size>
         <input_file_ref idref="fl-2"/>
      </object_component>
      <object_component id="oc-51">
         <name>.debug_line</name>
         <load_address>0x1b7</load_address>
         <run_address>0x1b7</run_address>
         <size>0x20</size>
         <input_file_ref idref="fl-2"/>
      </object_component>
      <object_component id="oc-20f">
         <name>.debug_line</name>
         <load_address>0x1d7</load_address>
         <run_address>0x1d7</run_address>
         <size>0x73</size>
         <input_file_ref idref="fl-2"/>
      </object_component>
      <object_component id="oc-140">
         <name>.debug_line</name>
         <load_address>0x24a</load_address>
         <run_address>0x24a</run_address>
         <size>0x70</size>
         <input_file_ref idref="fl-2"/>
      </object_component>
      <object_component id="oc-25b">
         <name>.debug_line</name>
         <load_address>0x2ba</load_address>
         <run_address>0x2ba</run_address>
         <size>0x31</size>
         <input_file_ref idref="fl-3"/>
      </object_component>
      <object_component id="oc-12f">
         <name>.debug_line</name>
         <load_address>0x2eb</load_address>
         <run_address>0x2eb</run_address>
         <size>0x79</size>
         <input_file_ref idref="fl-3"/>
      </object_component>
      <object_component id="oc-94">
         <name>.debug_line</name>
         <load_address>0x364</load_address>
         <run_address>0x364</run_address>
         <size>0x6c</size>
         <input_file_ref idref="fl-3"/>
      </object_component>
      <object_component id="oc-a5">
         <name>.debug_line</name>
         <load_address>0x3d0</load_address>
         <run_address>0x3d0</run_address>
         <size>0x20</size>
         <input_file_ref idref="fl-3"/>
      </object_component>
      <object_component id="oc-aa">
         <name>.debug_line</name>
         <load_address>0x3f0</load_address>
         <run_address>0x3f0</run_address>
         <size>0x6a</size>
         <input_file_ref idref="fl-3"/>
      </object_component>
      <object_component id="oc-167">
         <name>.debug_line</name>
         <load_address>0x45a</load_address>
         <run_address>0x45a</run_address>
         <size>0x67</size>
         <input_file_ref idref="fl-3"/>
      </object_component>
      <object_component id="oc-239">
         <name>.debug_line</name>
         <load_address>0x4c1</load_address>
         <run_address>0x4c1</run_address>
         <size>0x63</size>
         <input_file_ref idref="fl-3"/>
      </object_component>
      <object_component id="oc-1ab">
         <name>.debug_line</name>
         <load_address>0x524</load_address>
         <run_address>0x524</run_address>
         <size>0x67</size>
         <input_file_ref idref="fl-3"/>
      </object_component>
      <object_component id="oc-250">
         <name>.debug_line</name>
         <load_address>0x58b</load_address>
         <run_address>0x58b</run_address>
         <size>0x63</size>
         <input_file_ref idref="fl-3"/>
      </object_component>
      <object_component id="oc-33c">
         <name>.debug_line</name>
         <load_address>0x5ee</load_address>
         <run_address>0x5ee</run_address>
         <size>0x6b</size>
         <input_file_ref idref="fl-4"/>
      </object_component>
      <object_component id="oc-33a">
         <name>.debug_line</name>
         <load_address>0x659</load_address>
         <run_address>0x659</run_address>
         <size>0x36</size>
         <input_file_ref idref="fl-4"/>
      </object_component>
      <object_component id="oc-267">
         <name>.debug_line</name>
         <load_address>0x68f</load_address>
         <run_address>0x68f</run_address>
         <size>0x25b</size>
         <input_file_ref idref="fl-4"/>
      </object_component>
      <object_component id="oc-345">
         <name>.debug_line</name>
         <load_address>0x8ea</load_address>
         <run_address>0x8ea</run_address>
         <size>0x6e</size>
         <input_file_ref idref="fl-4"/>
      </object_component>
      <object_component id="oc-340">
         <name>.debug_line</name>
         <load_address>0x958</load_address>
         <run_address>0x958</run_address>
         <size>0x36</size>
         <input_file_ref idref="fl-4"/>
      </object_component>
      <object_component id="oc-20b">
         <name>.debug_line</name>
         <load_address>0x98e</load_address>
         <run_address>0x98e</run_address>
         <size>0x175</size>
         <input_file_ref idref="fl-5"/>
      </object_component>
      <object_component id="oc-25f">
         <name>.debug_line</name>
         <load_address>0xb03</load_address>
         <run_address>0xb03</run_address>
         <size>0x30</size>
         <input_file_ref idref="fl-5"/>
      </object_component>
      <object_component id="oc-25d">
         <name>.debug_line</name>
         <load_address>0xb33</load_address>
         <run_address>0xb33</run_address>
         <size>0x30</size>
         <input_file_ref idref="fl-5"/>
      </object_component>
      <object_component id="oc-89">
         <name>.debug_line</name>
         <load_address>0xb63</load_address>
         <run_address>0xb63</run_address>
         <size>0xaf</size>
         <input_file_ref idref="fl-5"/>
      </object_component>
      <object_component id="oc-da">
         <name>.debug_line</name>
         <load_address>0xc12</load_address>
         <run_address>0xc12</run_address>
         <size>0x66</size>
         <input_file_ref idref="fl-5"/>
      </object_component>
      <object_component id="oc-192">
         <name>.debug_line</name>
         <load_address>0xc78</load_address>
         <run_address>0xc78</run_address>
         <size>0x67</size>
         <input_file_ref idref="fl-5"/>
      </object_component>
      <object_component id="oc-158">
         <name>.debug_line</name>
         <load_address>0xcdf</load_address>
         <run_address>0xcdf</run_address>
         <size>0x69</size>
         <input_file_ref idref="fl-5"/>
      </object_component>
      <object_component id="oc-1d2">
         <name>.debug_line</name>
         <load_address>0xd48</load_address>
         <run_address>0xd48</run_address>
         <size>0x63</size>
         <input_file_ref idref="fl-5"/>
      </object_component>
      <object_component id="oc-162">
         <name>.debug_line</name>
         <load_address>0xdab</load_address>
         <run_address>0xdab</run_address>
         <size>0x69</size>
         <input_file_ref idref="fl-5"/>
      </object_component>
      <object_component id="oc-16c">
         <name>.debug_line</name>
         <load_address>0xe14</load_address>
         <run_address>0xe14</run_address>
         <size>0x6a</size>
         <input_file_ref idref="fl-5"/>
      </object_component>
      <object_component id="oc-171">
         <name>.debug_line</name>
         <load_address>0xe7e</load_address>
         <run_address>0xe7e</run_address>
         <size>0x6a</size>
         <input_file_ref idref="fl-5"/>
[...]
      </symbol>
      <symbol id="sm-504">
         <name>sciReceive</name>
         <value>0x4f4</value>
         <object_component_ref idref="oc-121"/>
      </symbol>
      <symbol id="sm-505">
         <name>sciExitResetState</name>
         <value>0x7a4</value>
         <object_component_ref idref="oc-121"/>
      </symbol>
      <symbol id="sm-506">
         <name>sciSetFunctional</name>
         <value>0x1f4</value>
         <object_component_ref idref="oc-121"/>
      </symbol>
      <symbol id="sm-507">
         <name>sciDisableNotification</name>
         <value>0x6ec</value>
         <object_component_ref idref="oc-121"/>
      </symbol>
      <symbol id="sm-508">
         <name>sciSend</name>
         <value>0x2fc</value>
         <object_component_ref idref="oc-121"/>
      </symbol>
      <symbol id="sm-509">
         <name>sciRxError</name>
         <value>0x498</value>
         <object_component_ref idref="oc-121"/>
      </symbol>
      <symbol id="sm-50a">
         <name>sciReceiveByte</name>
         <value>0x4c8</value>
         <object_component_ref idref="oc-121"/>
      </symbol>
      <symbol id="sm-50b">
         <name>sciSendByte</name>
         <value>0x2cc</value>
         <object_component_ref idref="oc-121"/>
      </symbol>
      <symbol id="sm-50c">
         <name>sciEnableLoopback</name>
         <value>0x604</value>
         <object_component_ref idref="oc-121"/>
      </symbol>
      <symbol id="sm-50d">
         <name>sciIsIdleDetected</name>
         <value>0x47c</value>
         <object_component_ref idref="oc-121"/>
      </symbol>
      <symbol id="sm-50e">
         <name>sciEnterResetState</name>
         <value>0x784</value>
         <object_component_ref idref="oc-121"/>
      </symbol>
      <symbol id="sm-53a">
         <name>_iCacheInvalidate_</name>
         <value>0x5d14</value>
         <object_component_ref idref="oc-6b"/>
      </symbol>
      <symbol id="sm-53b">
         <name>_disable_IRQ_interrupt_</name>
         <value>0x5ba4</value>
         <object_component_ref idref="oc-6b"/>
      </symbol>
      <symbol id="sm-53c">
         <name>_coreGetInstructionFaultAddress_</name>
         <value>0x5b68</value>
         <object_component_ref idref="oc-6b"/>
      </symbol>
      <symbol id="sm-53d">
         <name>_coreGetDataFault_</name>
         <value>0x5b2c</value>
         <object_component_ref idref="oc-6b"/>
      </symbol>
      <symbol id="sm-53e">
         <name>_coreDisableEventBusExport_</name>
         <value>0x5b0c</value>
         <object_component_ref idref="oc-6b"/>
      </symbol>
      <symbol id="sm-53f">
         <name>_coreClearDataFaultAddress_</name>
         <value>0x5b5c</value>
         <object_component_ref idref="oc-6b"/>
      </symbol>
      <symbol id="sm-540">
         <name>__TI_PINIT_Base</name>
         <value>0x5d28</value>
         <object_component_ref idref="oc-6b"/>
      </symbol>
      <symbol id="sm-541">
         <name>_coreInitRegisters_</name>
         <value>0x596c</value>
         <object_component_ref idref="oc-6b"/>
      </symbol>
      <symbol id="sm-542">
         <name>_coreClearInstructionFaultAddress_</name>
         <value>0x5b70</value>
         <object_component_ref idref="oc-6b"/>
      </symbol>
      <symbol id="sm-543">
         <name>_coreClearDataFault_</name>
         <value>0x5b34</value>
         <object_component_ref idref="oc-6b"/>
      </symbol>
      <symbol id="sm-544">
         <name>_coreGetAuxiliaryDataFault_</name>
         <value>0x5b7c</value>
         <object_component_ref idref="oc-6b"/>
      </symbol>
      <symbol id="sm-545">
         <name>_enable_interrupt_</name>
         <value>0x5bb4</value>
         <object_component_ref idref="oc-6b"/>
      </symbol>
      <symbol id="sm-546">
         <name>_coreClearAuxiliaryInstructionFault_</name>
         <value>0x5b98</value>
         <object_component_ref idref="oc-6b"/>
      </symbol>
      <symbol id="sm-547">
         <name>_memInit_</name>
         <value>0x5c44</value>
         <object_component_ref idref="oc-6b"/>
      </symbol>
      <symbol id="sm-548">
         <name>_dCacheInvalidate_</name>
         <value>0x5d00</value>
         <object_component_ref idref="oc-6b"/>
      </symbol>
      <symbol id="sm-549">
         <name>_coreGetDataFaultAddress_</name>
         <value>0x5b54</value>
         <object_component_ref idref="oc-6b"/>
      </symbol>
      <symbol id="sm-54a">
         <name>_coreClearInstructionFault_</name>
         <value>0x5b48</value>
         <object_component_ref idref="oc-6b"/>
      </symbol>
      <symbol id="sm-54b">
         <name>_getCPSRValue_</name>
         <value>0x5ac4</value>
         <object_component_ref idref="oc-6b"/>
      </symbol>
      <symbol id="sm-54c">
         <name>_cacheDisable_</name>
         <value>0x5cdc</value>
         <object_component_ref idref="oc-6b"/>
      </symbol>
      <symbol id="sm-54d">
         <name>_enable_IRQ_interrupt_</name>
         <value>0x5bac</value>
         <object_component_ref idref="oc-6b"/>
      </symbol>
      <symbol id="sm-54e">
         <name>__TI_PINIT_Limit</name>
         <value>0x5d2c</value>
         <object_component_ref idref="oc-6b"/>
      </symbol>
      <symbol id="sm-54f">
         <name>_coreGetAuxiliaryInstructionFault_</name>
         <value>0x5b90</value>
         <object_component_ref idref="oc-6b"/>
      </symbol>
      <symbol id="sm-550">
         <name>_coreInitStackPointer_</name>
         <value>0x5a78</value>
         <object_component_ref idref="oc-6b"/>
      </symbol>
      <symbol id="sm-551">
         <name>_esmCcmErrorsClear_</name>
         <value>0x5bbc</value>
         <object_component_ref idref="oc-6b"/>
      </symbol>
      <symbol id="sm-552">
         <name>_gotoCPUIdle_</name>
         <value>0x5acc</value>
         <object_component_ref idref="oc-6b"/>
      </symbol>
      <symbol id="sm-553">
         <name>_coreEnableIrqVicOffset_</name>
         <value>0x5b1c</value>
         <object_component_ref idref="oc-6b"/>
      </symbol>
      <symbol id="sm-554">
         <name>_coreGetInstructionFault_</name>
         <value>0x5b40</value>
         <object_component_ref idref="oc-6b"/>
      </symbol>
      <symbol id="sm-555">
         <name>_cacheEnable_</name>
         <value>0x5c98</value>
         <object_component_ref idref="oc-6b"/>
      </symbol>
      <symbol id="sm-556">
         <name>_coreEnableVfp_</name>
         <value>0x5ae4</value>
         <object_component_ref idref="oc-6b"/>
      </symbol>
      <symbol id="sm-557">
         <name>_coreClearAuxiliaryDataFault_</name>
         <value>0x5b84</value>
         <object_component_ref idref="oc-6b"/>
      </symbol>
      <symbol id="sm-558">
         <name>_coreEnableEventBusExport_</name>
         <value>0x5afc</value>
         <object_component_ref idref="oc-6b"/>
      </symbol>
      <symbol id="sm-559">
         <name>_checkMemInitOn_</name>
         <value>0x5c78</value>
         <object_component_ref idref="oc-6b"/>
      </symbol>
      <symbol id="sm-567">
         <name>resetEntry</name>
         <value>0x0</value>
         <object_component_ref idref="oc-31"/>
      </symbol>
      <symbol id="sm-582">
         <name>_mpuSetRegionBaseAddress_</name>
         <value>0x6060</value>
         <object_component_ref idref="oc-82"/>
      </symbol>
      <symbol id="sm-583">
         <name>_mpuInit_</name>
         <value>0x5d30</value>
         <object_component_ref idref="oc-82"/>
      </symbol>
      <symbol id="sm-584">
         <name>_mpuSetRegionSizeRegister_</name>
         <value>0x6094</value>
         <object_component_ref idref="oc-82"/>
      </symbol>
      <symbol id="sm-585">
         <name>_mpuDisableBackgroundRegion_</name>
         <value>0x6028</value>
         <object_component_ref idref="oc-82"/>
      </symbol>
      <symbol id="sm-586">
         <name>_mpuSetRegionTypeAndPermission_</name>
         <value>0x6070</value>
         <object_component_ref idref="oc-82"/>
      </symbol>
      <symbol id="sm-587">
         <name>_mpuGetRegionPermission_</name>
         <value>0x6088</value>
         <object_component_ref idref="oc-82"/>
      </symbol>
      <symbol id="sm-588">
         <name>_mpuEnable_</name>
         <value>0x5fe8</value>
         <object_component_ref idref="oc-82"/>
      </symbol>
      <symbol id="sm-589">
         <name>_mpuGetNumberOfRegions_</name>
         <value>0x6038</value>
         <object_component_ref idref="oc-82"/>
      </symbol>
      <symbol id="sm-58a">
         <name>_mpuAreRegionsSeparate_</name>
         <value>0x6044</value>
         <object_component_ref idref="oc-82"/>
      </symbol>
      <symbol id="sm-58b">
         <name>_mpuEnableBackgroundRegion_</name>
         <value>0x6018</value>
         <object_component_ref idref="oc-82"/>
      </symbol>
      <symbol id="sm-58c">
         <name>_mpuGetRegionType_</name>
         <value>0x607c</value>
         <object_component_ref idref="oc-82"/>
      </symbol>
      <symbol id="sm-58d">
         <name>_mpuDisable_</name>
         <value>0x6000</value>
         <object_component_ref idref="oc-82"/>
      </symbol>
      <symbol id="sm-58e">
         <name>_mpuGetRegionBaseAddress_</name>
         <value>0x6068</value>
         <object_component_ref idref="oc-82"/>
      </symbol>
      <symbol id="sm-58f">
         <name>_mpuSetRegion_</name>
         <value>0x6050</value>
         <object_component_ref idref="oc-82"/>
      </symbol>
      <symbol id="sm-590">
         <name>_mpuGetRegion_</name>
         <value>0x6058</value>
         <object_component_ref idref="oc-82"/>
      </symbol>
      <symbol id="sm-5a3">
         <name>phantomInterrupt</name>
         <value>0x7834</value>
         <object_component_ref idref="oc-36"/>
      </symbol>
      <symbol id="sm-5b7">
         <name>_c_int00</name>
         <value>0x71cc</value>
         <object_component_ref idref="oc-1c"/>
      </symbol>
      <symbol id="sm-65a">
         <name>vimChannelMap</name>
         <value>0x2990</value>
         <object_component_ref idref="oc-3d"/>
      </symbol>
      <symbol id="sm-65b">
         <name>vimInit</name>
         <value>0x28bc</value>
         <object_component_ref idref="oc-3d"/>
      </symbol>
      <symbol id="sm-65c">
         <name>vimEnableInterrupt</name>
         <value>0x2a34</value>
         <object_component_ref idref="oc-3d"/>
      </symbol>
      <symbol id="sm-65d">
         <name>vimDisableInterrupt</name>
         <value>0x2bfc</value>
         <object_component_ref idref="oc-3d"/>
      </symbol>
      <symbol id="sm-65e">
         <name>vimGetConfigValue</name>
         <value>0x2ca8</value>
         <object_component_ref idref="oc-3d"/>
      </symbol>
      <symbol id="sm-65f">
         <name>vimECCErrorHandler</name>
         <value>0x609c</value>
         <object_component_ref idref="oc-3c"/>
      </symbol>
      <symbol id="sm-6ad">
         <name>systemGetConfigValue</name>
         <value>0x23f4</value>
         <object_component_ref idref="oc-76"/>
      </symbol>
      <symbol id="sm-6ae">
         <name>trimLPO</name>
         <value>0x1fc0</value>
         <object_component_ref idref="oc-76"/>
      </symbol>
      <symbol id="sm-6af">
         <name>systemInit</name>
         <value>0x2228</value>
         <object_component_ref idref="oc-76"/>
      </symbol>
      <symbol id="sm-6b0">
         <name>periphInit</name>
         <value>0x2048</value>
         <object_component_ref idref="oc-76"/>
      </symbol>
      <symbol id="sm-6b1">
         <name>setupFlash</name>
         <value>0x2008</value>
         <object_component_ref idref="oc-76"/>
      </symbol>
      <symbol id="sm-6b2">
         <name>setupPLL</name>
         <value>0x1f60</value>
         <object_component_ref idref="oc-76"/>
      </symbol>
      <symbol id="sm-6b3">
         <name>getResetSource</name>
         <value>0x22cc</value>
         <object_component_ref idref="oc-76"/>
      </symbol>
      <symbol id="sm-6b4">
         <name>mapClocks</name>
         <value>0x20fc</value>
         <object_component_ref idref="oc-76"/>
      </symbol>
      <symbol id="sm-6b5">
         <name>systemPowerDown</name>
         <value>0x229c</value>
         <object_component_ref idref="oc-76"/>
      </symbol>
      <symbol id="sm-6da">
         <name>Fapi_issueAsyncCommandWithAddress</name>
         <value>0x76f1</value>
         <object_component_ref idref="oc-2cc"/>
      </symbol>
      <symbol id="sm-6e6">
         <name>Fapi_enableAutoEccCalculation</name>
         <value>0x77c1</value>
         <object_component_ref idref="oc-2ba"/>
      </symbol>
      <symbol id="sm-6f7">
         <name>Fapi_enableMainBankSectors</name>
         <value>0x73bd</value>
         <object_component_ref idref="oc-2c6"/>
      </symbol>
      <symbol id="sm-71a">
         <name>Fapi_initializeFlashBanks</name>
         <value>0x63d9</value>
         <object_component_ref idref="oc-2b4"/>
      </symbol>
      <symbol id="sm-729">
         <name>_Fapi_issueFsmCommand</name>
         <value>0x767d</value>
         <object_component_ref idref="oc-316"/>
      </symbol>
      <symbol id="sm-746">
         <name>_scaleMainFclk</name>
         <value>0x7809</value>
         <object_component_ref idref="oc-2f2"/>
      </symbol>
      <symbol id="sm-747">
         <name>_scaleEEFclk</name>
         <value>0x77f9</value>
         <object_component_ref idref="oc-2f8"/>
      </symbol>
      <symbol id="sm-761">
         <name>Fapi_setActiveFlashBank</name>
         <value>0x67b9</value>
         <object_component_ref idref="oc-2c0"/>
      </symbol>
      <symbol id="sm-782">
         <name>Fapi_issueProgrammingCommand</name>
         <value>0x6aad</value>
         <object_component_ref idref="oc-2d2"/>
      </symbol>
      <symbol id="sm-792">
         <name>Fapi_doMarginReadByByte</name>
         <value>0x763d</value>
         <object_component_ref idref="oc-2d8"/>
      </symbol>
      <symbol id="sm-7a0">
         <name>_Fapi_checkWdService</name>
         <value>0x7819</value>
         <object_component_ref idref="oc-32b"/>
      </symbol>
      <symbol id="sm-7af">
         <name>Fapi_calculateFletcherChecksum</name>
         <value>0x75fd</value>
         <object_component_ref idref="oc-2e6"/>
      </symbol>
      <symbol id="sm-7be">
         <name>Fapi_getNumberOfBankSectors</name>
         <value>0x77e9</value>
         <object_component_ref idref="oc-30e"/>
      </symbol>
      <symbol id="sm-7db">
         <name>_Fapi_enterMarginMode</name>
         <value>0x742d</value>
         <object_component_ref idref="oc-325"/>
      </symbol>
      <symbol id="sm-7dc">
         <name>_Fapi_exitMarginMode</name>
         <value>0x7751</value>
         <object_component_ref idref="oc-331"/>
      </symbol>
      <symbol id="sm-7e8">
         <name>Fapi_flushPipeline</name>
         <value>0x76b9</value>
         <object_component_ref idref="oc-367"/>
      </symbol>
      <symbol id="sm-7f8">
         <name>Fapi_waitDelay</name>
         <value>0x7721</value>
         <object_component_ref idref="oc-382"/>
      </symbol>
      <symbol id="sm-81d">
         <name>floorl</name>
         <value>0x6ec8</value>
         <object_component_ref idref="oc-1d4"/>
      </symbol>
      <symbol id="sm-81e">
         <name>floor</name>
         <value>0x6ec8</value>
         <object_component_ref idref="oc-1d4"/>
      </symbol>
      <symbol id="sm-837">
         <name>memcpy</name>
         <value>0x6638</value>
         <object_component_ref idref="oc-53"/>
      </symbol>
      <symbol id="sm-838">
         <name>__aeabi_memcpy</name>
         <value>0x6638</value>
         <object_component_ref idref="oc-53"/>
      </symbol>
      <symbol id="sm-839">
         <name>__aeabi_memcpy8</name>
         <value>0x6638</value>
         <object_component_ref idref="oc-53"/>
      </symbol>
      <symbol id="sm-83a">
         <name>__aeabi_memcpy4</name>
         <value>0x6638</value>
         <object_component_ref idref="oc-53"/>
      </symbol>
      <symbol id="sm-849">
         <name>__aeabi_memset</name>
         <value>0x7280</value>
         <object_component_ref idref="oc-c2"/>
      </symbol>
      <symbol id="sm-84a">
         <name>memset</name>
         <value>0x728c</value>
         <object_component_ref idref="oc-c2"/>
      </symbol>
      <symbol id="sm-84b">
         <name>__aeabi_memset8</name>
         <value>0x7280</value>
         <object_component_ref idref="oc-c2"/>
      </symbol>
      <symbol id="sm-84c">
         <name>__aeabi_memset4</name>
         <value>0x7280</value>
         <object_component_ref idref="oc-c2"/>
      </symbol>
      <symbol id="sm-84d">
         <name>__aeabi_memclr8</name>
         <value>0x727c</value>
         <object_component_ref idref="oc-c2"/>
      </symbol>
      <symbol id="sm-84e">
         <name>__aeabi_memclr4</name>
         <value>0x727c</value>
         <object_component_ref idref="oc-c2"/>
      </symbol>
      <symbol id="sm-84f">
         <name>__aeabi_memclr</name>
         <value>0x727c</value>
         <object_component_ref idref="oc-c2"/>
      </symbol>
      <symbol id="sm-85b">
         <name>__aeabi_uidivmod</name>
         <value>0x75ac</value>
         <object_component_ref idref="oc-1df"/>
      </symbol>
      <symbol id="sm-85c">
         <name>__aeabi_uidiv</name>
         <value>0x75ac</value>
         <object_component_ref idref="oc-1df"/>
      </symbol>
      <symbol id="sm-884">
         <name>__TI_auto_init_nobinit_nopinit</name>
         <value>0x7494</value>
         <object_component_ref idref="oc-e5"/>
      </symbol>
      <symbol id="sm-898">
         <name>__TI_zero_init_nomemset</name>
         <value>0x777c</value>
         <object_component_ref idref="oc-5f"/>
      </symbol>
      <symbol id="sm-8af">
         <name>__TI_decompress_none</name>
         <value>0x77d4</value>
         <object_component_ref idref="oc-15"/>
      </symbol>
      <symbol id="sm-8d2">
         <name>__TI_decompress_lzss</name>
         <value>0x732c</value>
         <object_component_ref idref="oc-f"/>
      </symbol>
      <symbol id="sm-8dd">
         <name>C$$EXIT</name>
         <value>0x782c</value>
         <object_component_ref idref="oc-142"/>
      </symbol>
      <symbol id="sm-8de">
         <name>abort</name>
         <value>0x782c</value>
         <object_component_ref idref="oc-142"/>
      </symbol>
      <symbol id="sm-8e9">
         <name>__aeabi_idiv0</name>
         <value>0x7838</value>
         <object_component_ref idref="oc-252"/>
      </symbol>
      <symbol id="sm-8ea">
         <name>__aeabi_ldiv0</name>
         <value>0x7838</value>
         <object_component_ref idref="oc-252"/>
      </symbol>
      <symbol id="sm-8eb">
         <name>__TI_static_base__</name>
         <value>0x0</value>
      </symbol>
      <symbol id="sm-8f0">
         <name>SHT$$INIT_ARRAY$$Base</name>
         <value>0x0</value>
      </symbol>
      <symbol id="sm-8f1">
         <name>SHT$$INIT_ARRAY$$Limit</name>
         <value>0x0</value>
      </symbol>
      <symbol id="sm-8f2">
         <name>_system_post_cinit</name>
         <value>0x0</value>
      </symbol>
   </symbol_table>
   <title>Link successful</title>
</link_info>
